warning: methods `get_events_by_wallet`, `get_all_events`, and `get_sms_logs_by_event` are never used
   --> src/metadata.rs:321:12
    |
130 | impl MetadataDb {
    | --------------- methods in this implementation
...
321 |     pub fn get_events_by_wallet(&self, wallet_id: i64) -> Result<Vec<TransactionEvent>> {
    |            ^^^^^^^^^^^^^^^^^^^^
...
350 |     pub fn get_all_events(&self) -> Result<Vec<TransactionEvent>> {
    |            ^^^^^^^^^^^^^^
...
591 |     pub fn get_sms_logs_by_event(&self, event_id: i64) -> Result<Vec<SmsLog>> {
    |            ^^^^^^^^^^^^^^^^^^^^^
    |
    = note: `#[warn(dead_code)]` on by default

warning: `kanari` (bin "kanari") generated 1 warning
    Finished `dev` profile [unoptimized + debuginfo] target(s) in 0.08s
     Running `target/debug/kanari`
Starting Kanari with configuration:
  Network: Regtest
  Electrum URL: tcp://127.0.0.1:50001
  Bind address: 127.0.0.1:3000
  Wallet directory: database/regtest/wallets
  Metadata database: database/regtest/metadata.sqlite
Connected to Electrum server: Connected to Electrum via BDK
Migration 001_initial_schema.sql already applied, skipping
Migration 002_add_confirmed_amount_sats.sql already applied, skipping
Migration 003_replace_confirmed_amount_with_balance_total.sql already applied, skipping
Migration 004_add_balance_total_to_wallets.sql already applied, skipping
Migration 005_add_last_activity_to_wallets.sql already applied, skipping
Migration 006_add_current_block_header.sql already applied, skipping
Loading wallet from file: fezxetxxcd88y7k7.sqlite
    - Network: Regtest
    - Loaded from disk (sync will happen in background loop)
Loading wallet from file: 5y0utz9j9s2akh42.sqlite
    - Network: Regtest
    - Loaded from disk (sync will happen in background loop)
Loaded 2 wallets from disk
📦 Initial block header: height=128, hash=478f8ea80304b6da3c60df6b37d110319b72151b341ddb4af13cf49846280c0e
Server running on http://127.0.0.1:3000
✅ Subscribed to block headers
📦 New block header: height=129, hash=3787cfaf3036199dcbf0fe14efc6185954f4178ddb55c43a76a17f794a15bfe1
